src/About/index.tsx(2,1): error TS6133: 'React' is declared but its value is never read.
src/About/index.tsx(3,31): error TS2307: Cannot find module '../../../components/ui/ImageCarousel' or its corresponding type declarations.
src/About/index.tsx(25,58): error TS2339: Property 'src' does not exist on type 'string'.
src/About/index.tsx(31,58): error TS2339: Property 'src' does not exist on type 'string'.
src/Calendar/index.tsx(32,10): error TS2339: Property 'src' does not exist on type 'string'.
src/Calendar/index.tsx(33,10): error TS2339: Property 'src' does not exist on type 'string'.
src/Calendar/index.tsx(34,10): error TS2339: Property 'src' does not exist on type 'string'.
src/Calendar/index.tsx(35,10): error TS2339: Property 'src' does not exist on type 'string'.
src/Calendar/index.tsx(36,10): error TS2339: Property 'src' does not exist on type 'string'.
src/Calendar/index.tsx(37,10): error TS2339: Property 'src' does not exist on type 'string'.
src/Calendar/index.tsx(38,10): error TS2339: Property 'src' does not exist on type 'string'.
src/Calendar/index.tsx(39,10): error TS2339: Property 'src' does not exist on type 'string'.
src/Calendar/index.tsx(40,11): error TS2339: Property 'src' does not exist on type 'string'.
src/Calendar/index.tsx(41,11): error TS2339: Property 'src' does not exist on type 'string'.
src/Calendar/index.tsx(42,11): error TS2339: Property 'src' does not exist on type 'string'.
src/Calendar/index.tsx(43,11): error TS2339: Property 'src' does not exist on type 'string'.
src/Calendar/index.tsx(47,8): error TS2339: Property 'src' does not exist on type 'string'.
src/Calendar/index.tsx(48,8): error TS2339: Property 'src' does not exist on type 'string'.
src/Calendar/index.tsx(49,8): error TS2339: Property 'src' does not exist on type 'string'.
src/Calendar/index.tsx(50,8): error TS2339: Property 'src' does not exist on type 'string'.
src/Calendar/index.tsx(51,8): error TS2339: Property 'src' does not exist on type 'string'.
src/Calendar/index.tsx(52,8): error TS2339: Property 'src' does not exist on type 'string'.
src/Calendar/index.tsx(53,8): error TS2339: Property 'src' does not exist on type 'string'.
src/Calendar/index.tsx(54,8): error TS2339: Property 'src' does not exist on type 'string'.
src/Footer/index.tsx(3,19): error TS2307: Cannot find module 'next/image' or its corresponding type declarations.
src/Footer/index.tsx(12,18): error TS2307: Cannot find module 'next/link' or its corresponding type declarations.
src/ImageCatalog/index.tsx(4,47): error TS2307: Cannot find module 'react-icons/fi' or its corresponding type declarations.
src/ImageCatalog/index.tsx(18,9): error TS6133: 'isMobile' is declared but its value is never read.
src/privacy-policy/page.tsx(1,1): error TS6133: 'React' is declared but its value is never read.
src/Services/index.tsx(2,1): error TS6133: 'React' is declared but its value is never read.
src/Services/index.tsx(9,25): error TS2307: Cannot find module '../../../components/ui/CardService' or its corresponding type declarations.
src/Services/index.tsx(10,19): error TS2307: Cannot find module 'next/image' or its corresponding type declarations.
src/Space/index.tsx(2,1): error TS6133: 'React' is declared but its value is never read.
src/Space/index.tsx(7,31): error TS2307: Cannot find module '../../../components/ui/ImageCarousel' or its corresponding type declarations.
src/terms-of-service/page.tsx(1,1): error TS6133: 'React' is declared but its value is never read.
src/Values/index.tsx(2,1): error TS6133: 'React' is declared but its value is never read.
src/Values/index.tsx(4,23): error TS2307: Cannot find module '../../../components/ui/CardValue' or its corresponding type declarations.
